[kaabworldwidetarot.shop/index.html]
[kaabworldwidetarot.shop/xmlrpc.php]
[backblue.gif]
[fade.gif]
[index.html]
[kaabworldwidetarot.shop/wp-content/plugins/header-footer-elementor/inc/widgets-css/frontend16b9.css]
[kaabworldwidetarot.shop/wp-content/plugins/gutenkit-blocks-addon/build/gutenkit/frontend-common9242.css]
[kaabworldwidetarot.shop/wp-content/plugins/popup-builder-block/build/popup/global950a.css]
[kaabworldwidetarot.shop/feed/index.html]
[kaabworldwidetarot.shop/wp-content/plugins/contact-form-7/includes/css/styles1b46.css]
[kaabworldwidetarot.shop/wp-content/plugins/wp-social/assets/css/frontendaeb9.css]
[kaabworldwidetarot.shop/comments/feed/index.html]
[kaabworldwidetarot.shop/wp-content/plugins/wp-social/assets/css/font-iconaeb9.css]
[kaabworldwidetarot.shop/wp-content/plugins/header-footer-elementor/assets/css/header-footer-elementor16b9.css]
[kaabworldwidetarot.shop/wp-content/plugins/elementor/assets/css/frontend.min37de.css]
[kaabworldwidetarot.shop/wp-content/uploads/elementor/css/post-83858.css]
[kaabworldwidetarot.shop/wp-content/plugins/elementor/assets/css/widget-heading.min37de.css]
[kaabworldwidetarot.shop/wp-content/plugins/elementor/assets/css/widget-icon-list.min37de.css]
[kaabworldwidetarot.shop/wp-content/plugins/elementor/assets/css/widget-counter.min37de.css]
[kaabworldwidetarot.shop/wp-content/plugins/qi-addons-for-elementor/assets/plugins/swiper/8.4.5/swiper.min94a4.css]
[kaabworldwidetarot.shop/wp-content/uploads/elementor/css/post-56a060.css]
[kaabworldwidetarot.shop/wp-content/uploads/elementor/css/post-40a060.css]
[kaabworldwidetarot.shop/wp-content/uploads/elementor/css/post-48a060.css]
[kaabworldwidetarot.shop/wp-content/plugins/popup-builder-block/build/compatibility/frontendc144.css]
[kaabworldwidetarot.shop/wp-content/plugins/qi-addons-for-elementor/assets/css/grid.minc801.css]
[kaabworldwidetarot.shop/wp-content/plugins/qi-addons-for-elementor/assets/css/helper-parts.minc801.css]
[kaabworldwidetarot.shop/wp-content/plugins/qi-addons-for-elementor/assets/css/main.minc801.css]
[kaabworldwidetarot.shop/wp-content/plugins/metform/public/assets/lib/cute-alert/style631d.css]
[kaabworldwidetarot.shop/wp-content/plugins/metform/public/assets/css/text-editor631d.css]
[kaabworldwidetarot.shop/wp-includes/css/dashicons.min32d4.css]
[kaabworldwidetarot.shop/wp-content/themes/hello-elementor/assets/css/resetedb1.css]
[kaabworldwidetarot.shop/wp-content/plugins/wp-ultimate-review/assets/public/css/content-pagec0b8.css]
[kaabworldwidetarot.shop/wp-content/themes/hello-elementor/assets/css/themeedb1.css]
[kaabworldwidetarot.shop/wp-content/themes/hello-elementor/assets/css/header-footeredb1.css]
[kaabworldwidetarot.shop/wp-content/plugins/elementor/assets/lib/eicons/css/elementor-icons.min705c.css]
[kaabworldwidetarot.shop/wp-content/plugins/elementor/assets/css/widget-icon-list.min44b4.css]
[kaabworldwidetarot.shop/wp-content/plugins/elementor/assets/css/widget-social-icons.min2401.css]
[kaabworldwidetarot.shop/wp-content/plugins/elementor/assets/lib/font-awesome/css/brands52d5.css]
[kaabworldwidetarot.shop/wp-content/plugins/elementor/assets/lib/font-awesome/css/fontawesome52d5.css]
[kaabworldwidetarot.shop/wp-content/plugins/elementor/assets/lib/font-awesome/css/solid52d5.css]
[kaabworldwidetarot.shop/wp-content/plugins/elementskit-lite/widgets/init/assets/css/widget-stylesa7a0.css]
[kaabworldwidetarot.shop/wp-content/plugins/elementskit-lite/widgets/init/assets/css/responsivea7a0.css]
[kaabworldwidetarot.shop/wp-content/uploads/elementor/google-fonts/css/roboto200c.css]
[kaabworldwidetarot.shop/wp-content/uploads/elementor/google-fonts/css/robotoslabc97c.css]
[kaabworldwidetarot.shop/wp-content/uploads/elementor/google-fonts/css/plusjakartasans931a.css]
[kaabworldwidetarot.shop/wp-content/uploads/elementor/google-fonts/css/playfairdisplay73ff.css]
[kaabworldwidetarot.shop/wp-content/plugins/elementskit-lite/modules/elementskit-icon-pack/assets/css/ekiticonsa7a0.css]
[kaabworldwidetarot.shop/wp-includes/js/jquery/jquery.minf43b.js]
[kaabworldwidetarot.shop/wp-includes/js/jquery/jquery-migrate.min5589.js]
[kaabworldwidetarot.shop/wp-content/plugins/wp-social/assets/js/front-mainaeb9.js]
[kaabworldwidetarot.shop/wp-content/plugins/wp-social/assets/js/social-frontaeb9.js]
[kaabworldwidetarot.shop/wp-content/plugins/wp-ultimate-review/assets/public/script/content-pagec0b8.js]
[kaabworldwidetarot.shop/wp-json/wp/v2/pages/56.json]
[kaabworldwidetarot.shop/wp-json/index.html]
[kaabworldwidetarot.shop/xmlrpc0db0.php]
[kaabworldwidetarot.shop/wp-json/oembed/1.0/embed471f.json]
[kaabworldwidetarot.shop/wp-json/oembed/1.0/embed6687]
[kaabworldwidetarot.shop/wp-content/uploads/2025/08/ngs-1.webp]
[kaabworldwidetarot.shop/wp-content/uploads/2025/08/2-1024x1024.png]
[kaabworldwidetarot.shop/wp-content/uploads/2026/02/i.webp]
[kaabworldwidetarot.shop/wp-content/uploads/2025/11/growth-progress-development-icon-concept_53876-15832.avif]
[kaabworldwidetarot.shop/wp-content/uploads/2025/11/holographic-display-spelling-out-success-floats-outstretched-hand_521449-871.avif]
[kaabworldwidetarot.shop/about-us/index.html]
[kaabworldwidetarot.shop/wp-content/uploads/2025/08/target-strategy-digital-marketing-social-media-tiny-people-with-phone-megaphone_1029473-728519.avif]
[kaabworldwidetarot.shop/our-team/index.html]
[kaabworldwidetarot.shop/wp-content/uploads/2025/08/27.png]
[kaabworldwidetarot.shop/service/index.html]
[kaabworldwidetarot.shop/contact-us/index.html]
[kaabworldwidetarot.shop/blog/index.html]
[kaabworldwidetarot.shop/wp-content/uploads/2025/08/20.png]
[kaabworldwidetarot.shop/wp-content/uploads/2025/08/notebook-with-tools-notes-about-digital-marketing-concept_132358-4020.avif]
[kaabworldwidetarot.shop/affiliate-marketing/index.html]
[kaabworldwidetarot.shop/wp-content/uploads/2025/08/21.png]
[kaabworldwidetarot.shop/wp-content/uploads/2025/08/one-hand-holding-word-brand-beige-background-branding-concept-image-is-composition-2d-illustration-3d-rendering-photography_556904-1836.41.del]
[kaabworldwidetarot.shop/brand-marketing/index.html]
[kaabworldwidetarot.shop/wp-content/uploads/2025/08/30.png]
[kaabworldwidetarot.shop/wp-content/uploads/2025/08/hand-young-business-using-smartphone-social-media-concept_1014754-22228-1.avif]
[kaabworldwidetarot.shop/wp-content/uploads/2025/11/man-is-working-laptop-with-word-adverts-screen_1298332-4676.jpg]
[kaabworldwidetarot.shop/digital-marketing/index.html]
[kaabworldwidetarot.shop/social-media-marketing/index.html]
[kaabworldwidetarot.shop/wp-content/uploads/2025/11/screen-that-has-word-now-it_1248904-2434.avif]
[kaabworldwidetarot.shop/paid-meta-advertisment/index.html]
[kaabworldwidetarot.shop/wp-content/uploads/2025/11/woman-holds-box-with-word-communication-it_1282070-4995.avif]
[kaabworldwidetarot.shop/wp-content/uploads/2025/11/man-is-holding-smart-phone-with-facebook-social-media-it_1240491-771.jpg]
[kaabworldwidetarot.shop/paid-google-advertisement/index.html]
[kaabworldwidetarot.shop/wp-content/uploads/2025/11/two-hands-holding-cell-phones-with-words-love-red-screen_1240491-5480.jpg]
[kaabworldwidetarot.shop/wp-content/uploads/2025/08/online-marketing-branding-concept-laptop-screen_53876-94880.avif]
[kaabworldwidetarot.shop/wp-content/uploads/2025/08/ideas-creative-occupation-design-studio-drawing-startup-concept_53876-75615.avif]
[kaabworldwidetarot.shop/wp-content/uploads/2025/08/29.png]
[kaabworldwidetarot.shop/wp-content/uploads/2025/08/business-team-meeting-working-with-new-startup-project_28283-310.avif]
[kaabworldwidetarot.shop/followers-growth-services/index.html]
[kaabworldwidetarot.shop/wp-content/uploads/2025/11/moscow-russia-march-12-2021-google-gmail-app-smartphone-screen_268192-4253.avif]
[kaabworldwidetarot.shop/wp-content/uploads/2025/11/bucharest-romania-july-30th-2024-young-man-clicks-facebook-page-bookmark_482257-116836.avif]
[kaabworldwidetarot.shop/wp-content/uploads/2025/08/22.png-1024x546.jpg]
[kaabworldwidetarot.shop/likes-views-engagement-services/index.html]
[kaabworldwidetarot.shop/wp-content/uploads/2025/08/24.jpg]
[kaabworldwidetarot.shop/wp-content/uploads/2025/08/25.jpg]
[kaabworldwidetarot.shop/wp-content/uploads/2025/08/26-1.jpg]
[kaabworldwidetarot.shop/wp-content/uploads/2025/11/seo-concept-men-use-smartphones-with-laptops-seo-icon-analysis-seo-search-engine-optimization_1126722-14406.avif]
[kaabworldwidetarot.shop/comments-share-interaction-services/index.html]
[kaabworldwidetarot.shop/wp-content/uploads/2025/11/man-is-holding-tablet-with-word-app-it_715714-280.avif]
[kaabworldwidetarot.shop/brand-identity/index.html]
[kaabworldwidetarot.shop/wp-content/uploads/2025/11/malaysia7-march-2022-top-view-colored-block-with-text-google-ads-blue-background_406607-1039.avif]
[kaabworldwidetarot.shop/visual-branding/index.html]
[kaabworldwidetarot.shop/budget-analysis/index.html]
[kaabworldwidetarot.shop/wp-content/uploads/2025/11/image-4.jpg]
[kaabworldwidetarot.shop/wp-content/uploads/2025/11/image-3.jpg]
[kaabworldwidetarot.shop/wp-content/uploads/2025/11/WhatsApp-Image-2025-11-07-at-1.54.48-PM-1.jpeg]
[kaabworldwidetarot.shop/wp-content/uploads/2025/11/medium-shot-man-using-apps-make-friends_23-2150580442.avif]
[kaabworldwidetarot.shop/wp-content/uploads/2025/11/man-holding-phone-with-line-data-his-hands_1282070-5117.avif]
[kaabworldwidetarot.shop/comments-share-interaction-services-create-conversations-that-matter/index.html]
[kaabworldwidetarot.shop/category/uncategorized/index.html]
[kaabworldwidetarot.shop/likes-views-engagement-services-amplify-your-reach-and-popularity/index.html]
[kaabworldwidetarot.shop/wp-content/uploads/2025/11/woman-using-social-media-digital-online-woman-using-smart-phone-with-social-media-concept-living-vacation-playing-social-media-online-marketin]
[kaabworldwideservices.in/wp-content/uploads/2026/01/enquiry-icon1.png]
[kaabworldwidetarot.shop/followers-growth-services-build-a-loyal-and-engaged-community/index.html]
[kaabworldwidetarot.shop/wp-content/plugins/elementor/assets/lib/font-awesome/css/all.min37de.css]
[kaabworldwidetarot.shop/blogs/index.html]
[kaabworldwidetarot.shop/wp-content/plugins/elementor/assets/lib/font-awesome/css/v4-shims.min37de.css]
[kaabworldwidetarot.shop/wp-content/plugins/elementor/assets/css/widget-social-icons.min37de.css]
[kaabworldwidetarot.shop/wp-content/plugins/elementor/assets/css/conditionals/apple-webkit.min37de.css]
[kaabworldwidetarot.shop/wp-includes/js/dist/hooks.min4fdd.js]
[kaabworldwidetarot.shop/wp-includes/js/dist/i18n.minc33c.js]
[kaabworldwidetarot.shop/wp-content/plugins/contact-form-7/includes/swv/js/index1b46.js]
[kaabworldwidetarot.shop/wp-content/plugins/contact-form-7/includes/js/index1b46.js]
[kaabworldwidetarot.shop/wp-content/plugins/elementor/assets/js/webpack.runtime.min37de.js]
[kaabworldwidetarot.shop/wp-content/plugins/elementor/assets/js/frontend-modules.min37de.js]
[kaabworldwidetarot.shop/wp-includes/js/jquery/ui/core.minb37e.js]
[kaabworldwidetarot.shop/wp-content/plugins/elementor/assets/js/frontend.min37de.js]
[kaabworldwidetarot.shop/wp-content/plugins/elementor/assets/lib/jquery-numerator/jquery-numerator.min3958.js]
[kaabworldwidetarot.shop/wp-content/plugins/qi-addons-for-elementor/assets/js/main.minc801.js]
[kaabworldwidetarot.shop/wp-content/plugins/metform/public/assets/lib/cute-alert/cute-alert631d.js]
[kaabworldwidetarot.shop/wp-content/themes/hello-elementor/assets/js/hello-frontendedb1.js]
[kaabworldwidetarot.shop/wp-content/plugins/header-footer-elementor/inc/js/frontend16b9.js]
[kaabworldwidetarot.shop/wp-content/plugins/elementskit-lite/widgets/init/assets/js/widget-scriptsa7a0.js]
[kaabworldwidetarot.shop/wp-content/plugins/elementor/assets/lib/font-awesome/js/v4-shims.min37de.js]
[kaabworldwidetarot.shop/wp-content/plugins/qi-addons-for-elementor/inc/plugins/elementor/assets/js/elementor32d4.js]
[kaabworldwidetarot.shop/wp-content/plugins/elementskit-lite/widgets/init/assets/js/animate-circle.mina7a0.js]
[kaabworldwidetarot.shop/index.html]
[kaabworldwidetarot.shop/xmlrpc.php]
[kaabworldwidetarot.shop/wp-content/plugins/header-footer-elementor/inc/widgets-css/frontend16b9.css]
[kaabworldwidetarot.shop/wp-content/plugins/gutenkit-blocks-addon/build/gutenkit/frontend-common9242.css]
[kaabworldwidetarot.shop/wp-content/plugins/popup-builder-block/build/popup/global950a.css]
[kaabworldwidetarot.shop/wp-content/plugins/contact-form-7/includes/css/styles1b46.css]
[kaabworldwidetarot.shop/wp-content/plugins/wp-social/assets/css/frontendaeb9.css]
[kaabworldwidetarot.shop/wp-content/plugins/elementskit-lite/widgets/init/assets/js/elementora7a0.js]
[kaabworldwidetarot.shop/wp-content/plugins/wp-social/assets/css/fonts/met-social150e.woff]
[kaabworldwidetarot.shop/wp-content/plugins/wp-social/assets/css/fonts/met-social150e.ttf]
[kaabworldwidetarot.shop/wp-content/plugins/wp-social/assets/css/fonts/met-social150e.eot]
[kaabworldwidetarot.shop/wp-content/plugins/wp-social/assets/css/fonts/met-social150e.svg]
[kaabworldwidetarot.shop/wp-content/plugins/wp-social/assets/css/tiktok-white.svg]
[kaabworldwidetarot.shop/wp-content/plugins/wp-social/assets/css/font-iconaeb9.css]
[kaabworldwidetarot.shop/wp-content/plugins/header-footer-elementor/assets/css/header-footer-elementor16b9.css]
[kaabworldwidetarot.shop/wp-content/plugins/elementor/assets/css/frontend.min37de.css]
[kaabworldwidetarot.shop/wp-content/uploads/elementor/css/post-83858.css]
[kaabworldwidetarot.shop/wp-content/plugins/elementor/assets/css/widget-image.min37de.css]
[kaabworldwidetarot.shop/wp-content/plugins/elementor/assets/lib/animations/styles/fadeInUp.min37de.css]
[kaabworldwidetarot.shop/wp-content/plugins/elementor/assets/css/widget-heading.min37de.css]
[kaabworldwidetarot.shop/wp-content/plugins/elementor/assets/css/widget-icon-list.min37de.css]
[kaabworldwidetarot.shop/wp-content/plugins/elementor/assets/lib/animations/styles/zoomIn.min37de.css]
[kaabworldwidetarot.shop/wp-content/plugins/elementor/assets/css/widget-counter.min37de.css]
[kaabworldwidetarot.shop/wp-content/plugins/qi-addons-for-elementor/assets/plugins/swiper/8.4.5/swiper.min94a4.css]
[kaabworldwidetarot.shop/wp-content/uploads/2025/11/social-media-plays-big-role-our-lives_1025556-9542.avif]
[kaabworldwidetarot.shop/wp-content/uploads/2025/11/woman-sits-desk-with-facebook-social-media-wall_712444-5358.avif]
[kaabworldwidetarot.shop/wp-content/uploads/2025/08/4-1.jpg]
[kaabworldwidetarot.shop/wp-content/uploads/2025/08/23.jpg]
[kaabworldwidetarot.shop/wp-content/uploads/2025/08/12.jpg]
[kaabworldwidetarot.shop/wp-content/uploads/elementor/css/post-56a060.css]
[kaabworldwidetarot.shop/wp-content/uploads/elementor/css/post-40a060.css]
[kaabworldwidetarot.shop/wp-content/uploads/elementor/css/post-48a060.css]
[kaabworldwidetarot.shop/wp-content/plugins/popup-builder-block/build/compatibility/frontendc144.css]
[kaabworldwidetarot.shop/wp-content/plugins/qi-addons-for-elementor/assets/css/grid.minc801.css]
[kaabworldwidetarot.shop/wp-content/plugins/qi-addons-for-elementor/assets/css/helper-parts.minc801.css]
[kaabworldwidetarot.shop/wp-content/plugins/qi-addons-for-elementor/assets/css/main.minc801.css]
[kaabworldwidetarot.shop/wp-content/plugins/metform/public/assets/lib/cute-alert/style631d.css]
[kaabworldwidetarot.shop/wp-content/plugins/metform/public/assets/css/text-editor631d.css]
[kaabworldwidetarot.shop/wp-content/plugins/wp-ultimate-review/assets/public/css/content-pagec0b8.css]
[kaabworldwidetarot.shop/wp-includes/fonts/dashicons7d4b.eot]
[kaabworldwidetarot.shop/wp-includes/css/dashicons.min32d4.css]
[kaabworldwidetarot.shop/wp-includes/fonts/dashicons7d4b.ttf]
[kaabworldwidetarot.shop/wp-content/themes/hello-elementor/assets/css/resetedb1.css]
[kaabworldwidetarot.shop/wp-content/themes/hello-elementor/assets/css/themeedb1.css]
[kaabworldwidetarot.shop/wp-content/themes/hello-elementor/assets/css/header-footeredb1.css]
[kaabworldwidetarot.shop/wp-content/plugins/elementor/assets/lib/eicons/fonts/eicons7241.woff2]
[kaabworldwidetarot.shop/wp-content/plugins/elementor/assets/lib/eicons/fonts/eicons7241.eot]
[kaabworldwidetarot.shop/wp-content/plugins/elementor/assets/lib/eicons/fonts/eicons7241.woff]
[kaabworldwidetarot.shop/wp-content/plugins/elementor/assets/lib/eicons/fonts/eicons7241.ttf]
[kaabworldwidetarot.shop/wp-content/plugins/elementor/assets/lib/eicons/css/elementor-icons.min705c.css]
[kaabworldwidetarot.shop/wp-content/plugins/elementor/assets/css/widget-icon-list.min44b4.css]
[kaabworldwidetarot.shop/wp-content/plugins/elementor/assets/css/widget-social-icons.min2401.css]
[kaabworldwidetarot.shop/wp-content/plugins/elementor/assets/lib/eicons/fonts/eicons7241.svg]
[kaabworldwidetarot.shop/wp-content/plugins/elementor/assets/lib/font-awesome/webfonts/fa-brands-400.eot]
[kaabworldwidetarot.shop/wp-content/plugins/elementor/assets/lib/font-awesome/webfonts/fa-brands-400d41d.eot]
[kaabworldwidetarot.shop/wp-content/plugins/elementor/assets/lib/font-awesome/webfonts/fa-brands-400.woff2]
[kaabworldwidetarot.shop/wp-content/plugins/elementor/assets/lib/font-awesome/webfonts/fa-brands-400.woff]
[kaabworldwidetarot.shop/wp-content/plugins/elementor/assets/lib/font-awesome/webfonts/fa-brands-400.ttf]
[kaabworldwidetarot.shop/wp-content/plugins/elementor/assets/lib/font-awesome/css/brands52d5.css]
[kaabworldwidetarot.shop/wp-content/plugins/elementor/assets/lib/font-awesome/css/fontawesome52d5.css]
[kaabworldwidetarot.shop/wp-content/plugins/elementor/assets/lib/font-awesome/webfonts/fa-brands-400.svg]
[kaabworldwidetarot.shop/wp-content/plugins/elementor/assets/lib/font-awesome/webfonts/fa-solid-900.eot]
[kaabworldwidetarot.shop/wp-content/plugins/elementor/assets/lib/font-awesome/webfonts/fa-solid-900d41d.eot]
[kaabworldwidetarot.shop/wp-content/plugins/elementor/assets/lib/font-awesome/webfonts/fa-solid-900.woff2]
[kaabworldwidetarot.shop/wp-content/plugins/elementor/assets/lib/font-awesome/webfonts/fa-solid-900.woff]
[kaabworldwidetarot.shop/wp-content/plugins/elementor/assets/lib/font-awesome/webfonts/fa-solid-900.ttf]
[kaabworldwidetarot.shop/wp-content/plugins/elementor/assets/lib/font-awesome/css/solid52d5.css]
[kaabworldwidetarot.shop/wp-content/plugins/elementor/assets/lib/font-awesome/webfonts/fa-solid-900.svg]
[kaabworldwidetarot.shop/wp-content/plugins/elementskit-lite/widgets/init/assets/img/arrow.png]
[kaabworldwidetarot.shop/wp-content/plugins/elementskit-lite/widgets/init/assets/img/sort_asc.png]
[kaabworldwidetarot.shop/wp-content/plugins/elementskit-lite/widgets/init/assets/img/sort_desc.png]
[kaabworldwidetarot.shop/wp-content/plugins/elementskit-lite/widgets/init/assets/img/sort_asc_disabled.png]
[kaabworldwidetarot.shop/wp-content/plugins/elementskit-lite/widgets/init/assets/css/widget-stylesa7a0.css]
[kaabworldwidetarot.shop/wp-content/plugins/elementskit-lite/widgets/init/assets/css/responsivea7a0.css]
[kaabworldwidetarot.shop/wp-content/uploads/elementor/google-fonts/css/roboto200c.css]
[kaabworldwidetarot.shop/wp-content/uploads/elementor/google-fonts/css/robotoslabc97c.css]
[kaabworldwidetarot.shop/wp-content/uploads/elementor/google-fonts/css/plusjakartasans931a.css]
[kaabworldwidetarot.shop/wp-content/uploads/elementor/google-fonts/css/playfairdisplay73ff.css]
[kaabworldwidetarot.shop/wp-content/plugins/elementskit-lite/modules/elementskit-icon-pack/assets/css/ekiticonsa7a0.css]
[kaabworldwidetarot.shop/wp-includes/js/jquery/jquery.minf43b.js]
[kaabworldwidetarot.shop/wp-includes/js/jquery/jquery-migrate.min5589.js]
[kaabworldwidetarot.shop/wp-content/plugins/wp-social/assets/js/front-mainaeb9.js]
[kaabworldwidetarot.shop/wp-content/plugins/wp-social/assets/js/social-frontaeb9.js]
[kaabworldwidetarot.shop/wp-content/plugins/wp-ultimate-review/assets/public/script/content-pagec0b8.js]
[kaabworldwidetarot.shop/wp-content/plugins/elementskit-lite/modules/elementskit-icon-pack/assets/fonts/elementskit97ac.woff]
[kaabworldwidetarot.shop/wp-content/uploads/elementor/css/post-60051a.css]
[kaabworldwidetarot.shop/wp-json/wp/v2/pages/60.json]
[kaabworldwidetarot.shop/wp-json/oembed/1.0/embedb532.json]
[kaabworldwidetarot.shop/wp-json/oembed/1.0/embed4466]
[kaabworldwidetarot.shop/wp-content/uploads/2025/11/image-12.jpg]
[kaabworldwidetarot.shop/wp-content/uploads/2025/11/image-13.jpg]
[kaabworldwidetarot.shop/wp-content/uploads/2025/11/image-14.jpg]
[kaabworldwidetarot.shop/wp-content/uploads/2025/08/11-1024x546.jpg]
[kaabworldwidetarot.shop/about-us/index.html]
[kaabworldwidetarot.shop/wp-content/uploads/elementor/css/post-88869d1.css]
[kaabworldwidetarot.shop/wp-json/wp/v2/pages/888.json]
[kaabworldwidetarot.shop/wp-json/oembed/1.0/embedaac0.json]
[kaabworldwidetarot.shop/wp-json/oembed/1.0/embed1f30]
[kaabworldwidetarot.shop/wp-content/uploads/2025/11/image-2.jpg]
[kaabworldwidetarot.shop/wp-content/uploads/2025/11/image-1.jpg]
[kaabworldwidetarot.shop/wp-content/uploads/2025/11/image-5.jpg]
[kaabworldwidetarot.shop/wp-content/uploads/2025/11/image.jpg]
[kaabworldwidetarot.shop/wp-content/uploads/2025/11/image-6.jpg]
[kaabworldwidetarot.shop/wp-content/uploads/2025/11/image-19.jpg]
[kaabworldwidetarot.shop/wp-content/uploads/2025/11/image-17.jpg]
[kaabworldwidetarot.shop/wp-content/uploads/2025/11/image-16.jpg]
[kaabworldwidetarot.shop/wp-content/uploads/2025/11/image-15.jpg]
[kaabworldwidetarot.shop/wp-content/uploads/2025/11/image-11.jpg]
[kaabworldwidetarot.shop/wp-content/uploads/2025/11/image-10.jpg]
[kaabworldwidetarot.shop/wp-content/uploads/2025/11/image-9.jpg]
[kaabworldwidetarot.shop/wp-content/uploads/2025/11/image-8.jpg]
[kaabworldwidetarot.shop/wp-content/uploads/2025/11/image-7.jpg]
[kaabworldwidetarot.shop/wp-content/uploads/2025/11/image-18.jpg]
[kaabworldwidetarot.shop/our-team/index.html]
[kaabworldwidetarot.shop/wp-content/uploads/elementor/css/post-647408.css]
[kaabworldwidetarot.shop/wp-json/wp/v2/pages/64.json]
[kaabworldwidetarot.shop/wp-json/oembed/1.0/embed8985.json]
[kaabworldwidetarot.shop/wp-json/oembed/1.0/embedcf58]
[kaabworldwidetarot.shop/wp-content/uploads/2025/08/9.jpg]
[kaabworldwidetarot.shop/wp-content/uploads/2025/08/14.jpg]
[kaabworldwidetarot.shop/wp-content/uploads/2025/08/15.jpg]
[kaabworldwidetarot.shop/service/index.html]
[kaabworldwidetarot.shop/wp-content/uploads/elementor/css/post-583c6ec.css]
[kaabworldwidetarot.shop/wp-json/wp/v2/pages/583.json]
[kaabworldwidetarot.shop/wp-json/oembed/1.0/embeda1cf.json]
[kaabworldwidetarot.shop/wp-json/oembed/1.0/embede125]
[kaabworldwidetarot.shop/wp-content/uploads/2025/11/earth-globeclock-ice-cream-stick-with-text-google-ads-wooden-background_406607-1547.avif]
[kaabworldwidetarot.shop/wp-content/uploads/2025/11/march-16-2022-brazil-this-photo-illustration-meta-platforms-logo-seen-background-silhouette-woman-holding-mobile-phone_68852-162.avif]
[kaabworldwidetarot.shop/wp-content/uploads/2025/08/woman-working-home-office-desk-using-laptop-business-financial-document-chart-graph_10139-382.avif]
[kaabworldwidetarot.shop/wp-content/uploads/2025/08/brand-business-marketing-words-typography-concept_21336-13307.avif]
[kaabworldwidetarot.shop/wp-content/uploads/2025/08/female-logo-designer-working-her-tablet-connected-laptop_23-2149119262.avif]
[kaabworldwidetarot.shop/wp-content/uploads/2025/08/man-reading-email-smartphone-email-inbox-email-with-laptop-internet-information-from-spam-mail_36325-5215.avif]
[kaabworldwidetarot.shop/wp-content/uploads/2025/08/teenager-using-smartphone-device-with-social-media-symbols-composition_23-2151392844.avif]
[kaabworldwidetarot.shop/wp-content/uploads/2025/08/branding-copyright-design-spaceship-graphic-concept_53876-120958.avif]
[kaabworldwidetarot.shop/paid-google-advertisement-reach-customers-when-they-need-you-most/index.html]
[kaabworldwidetarot.shop/blog/index.html]
[kaabworldwidetarot.shop/wp-content/uploads/2025/08/seo-search-engine-optimization-modish-ecommerce-online-retail-business-showing-computer-screen_31965-221948.avif]
[kaabworldwidetarot.shop/paid-meta-advertisement-boost-your-brand-with-facebook-instagram-ads/index.html]
[kaabworldwidetarot.shop/budget-analysis-make-smart-financial-decisions-for-your-business/index.html]
[kaabworldwidetarot.shop/visual-branding-build-a-strong-identity-for-your-business/index.html]
[kaabworldwidetarot.shop/brand-identity-why-it-matters-more-than-ever/index.html]
[kaabworldwidetarot.shop/social-media-marketing-driving-engagement-and-sales-in-2025/index.html]
[kaabworldwidetarot.shop/email-marketing-still-the-most-powerful-tool-for-conversions/index.html]
[kaabworldwidetarot.shop/affiliate-marketing-a-profitable-strategy-for-businesses-individuals/index.html]
[kaabworldwidetarot.shop/digital-marketing-trends-in-2025-every-business-should-know/index.html]
[kaabworldwidetarot.shop/brand-marketing-building-stronger-connections-with-your-audience/index.html]
[kaabworldwidetarot.shop/the-ultimate-guide-to-seo-optimization-in-2025/index.html]
[kaabworldwidetarot.shop/wp-content/uploads/elementor/css/post-62c6ec.css]
[kaabworldwidetarot.shop/wp-content/plugins/metform/public/assets/css/metform-ui631d.css]
[kaabworldwidetarot.shop/wp-content/plugins/metform/public/assets/css/style631d.css]
[kaabworldwidetarot.shop/wp-json/oembed/1.0/embed3411.json]
[kaabworldwidetarot.shop/wp-json/wp/v2/pages/62.json]
[kaabworldwidetarot.shop/wp-json/oembed/1.0/embed6be5]
[kaabworldwidetarot.shop/wp-content/uploads/2025/08/31.png]
[kaabworldwidetarot.shop/wp-content/uploads/2025/08/32.png]
[kaabworldwidetarot.shop/wp-content/uploads/2025/08/33.png]
[kaabworldwidetarot.shop/wp-content/uploads/elementor/css/post-530c6ec.css]
[kaabworldwidetarot.shop/wp-content/uploads/elementor/google-fonts/css/ibmplexsans238e.css]
[kaabworldwidetarot.shop/wp-content/plugins/metform/public/assets/js/htm631d.js]
[kaabworldwidetarot.shop/wp-includes/js/dist/vendor/react.mine1ab.js]
[kaabworldwidetarot.shop/wp-includes/js/dist/vendor/react-dom.mine1ab.js]
[kaabworldwidetarot.shop/wp-includes/js/dist/escape-html.min3a9d.js]
[kaabworldwidetarot.shop/wp-includes/js/dist/element.minfa0f.js]
[kaabworldwidetarot.shop/contact-us/index.html]
[kaabworldwidetarot.shop/wp-content/plugins/metform/public/assets/js/app631d.js]
[kaabworldwidetarot.shop/wp-content/uploads/elementor/css/post-216074a.css]
[kaabworldwidetarot.shop/wp-json/wp/v2/pages/216.json]
[kaabworldwidetarot.shop/wp-json/oembed/1.0/embeda18a.json]
[kaabworldwidetarot.shop/wp-json/oembed/1.0/embed86f2]
[kaabworldwidetarot.shop/wp-content/uploads/2025/08/notebook-with-toolls-notes-about-affiliate-marketing_132358-4056.avif]
[kaabworldwidetarot.shop/wp-content/uploads/2025/08/bar-chart-dollars-laptop-keyboard_252025-681.avif]
[kaabworldwidetarot.shop/wp-content/uploads/2025/08/19.png]
[kaabworldwidetarot.shop/wp-content/uploads/2025/08/influencer-marketing-job-concept_23-2150410495.avif]
[kaabworldwidetarot.shop/wp-content/uploads/2025/08/man-office-working-with-smartphone-searching-new-people-connections-social-media-hologram-typing-phone-double-exposure_269648-4615.avif]
[kaabworldwidetarot.shop/wp-content/uploads/2025/08/content-marketing-modish-online-business-ecommerce_31965-44971.avif]
[kaabworldwidetarot.shop/affiliate-marketing/index.html]
[kaabworldwidetarot.shop/wp-content/uploads/2025/08/computer-keyword-with-megaphone-advertising-word_165073-394.avif]
[kaabworldwidetarot.shop/wp-content/uploads/2025/08/organization-structure-team-building-recruitment-management-human-resources-concepts-person-icons-wooden-cubes-linked-each-other_192941-918.fc]
[kaabworldwidetarot.shop/wp-content/uploads/2025/08/social-media-marketing-virtual-icons-screen-conceptclose-up-businesswoman-typing-keyboard-tablet-with-laptop-computer-smart-phone_71455-1455.f]
[kaabworldwidetarot.shop/wp-content/uploads/elementor/css/post-2121095.css]
[kaabworldwidetarot.shop/wp-json/wp/v2/pages/212.json]
[kaabworldwidetarot.shop/wp-json/oembed/1.0/embedad85.json]
[kaabworldwidetarot.shop/wp-json/oembed/1.0/embedc776]
[kaabworldwidetarot.shop/wp-content/uploads/2025/08/woman-reading-about-brand-from-book_53876-85881.avif]
[kaabworldwidetarot.shop/wp-content/uploads/2025/08/business-people-are-brainstorming_53876-137640.avif]
[kaabworldwidetarot.shop/wp-content/uploads/2025/08/businessman-suit-building-from-wooden-blocks-brand-concept_389076-209.avif]
[kaabworldwidetarot.shop/wp-content/uploads/2025/08/branding-strategy-marketing-business-graphic-design_53876-125554.avif]
[kaabworldwidetarot.shop/wp-content/uploads/2025/08/online-marketing_53876-95312.avif]
[kaabworldwidetarot.shop/wp-content/uploads/2025/08/notebook-with-toolls-notes-about-brand_132358-3407.avif]
[kaabworldwidetarot.shop/wp-content/uploads/2025/08/map-lying-wooden-table_53876-105723-1.avif]
[kaabworldwidetarot.shop/wp-content/uploads/2025/08/laptop-coworking-space_53876-14515.jpg]
[kaabworldwidetarot.shop/brand-marketing/index.html]
[kaabworldwidetarot.shop/wp-content/uploads/elementor/css/post-21432b1.css]
[kaabworldwidetarot.shop/wp-json/wp/v2/pages/214.json]
[kaabworldwidetarot.shop/wp-json/oembed/1.0/embed6022.json]
[kaabworldwidetarot.shop/wp-json/oembed/1.0/embed06e6]
[kaabworldwidetarot.shop/wp-content/uploads/2025/08/businesspeople-drawing-digital-marketing-diagram-table_1016675-405-2.avif]
[kaabworldwidetarot.shop/wp-content/uploads/2025/08/digital-marketing-new-startup-project-online-search-engine-optimisation_36325-2205-1.avif]
[kaabworldwidetarot.shop/wp-content/uploads/2025/08/search-engine-marketing-composition-design_23-2150923510.avif]
[kaabworldwidetarot.shop/wp-content/uploads/2025/08/social-media-icons-logos-with-3d-space-rocket-digital-social-media-marketing-background_125322-391.avif]
[kaabworldwidetarot.shop/wp-content/uploads/2025/08/investors-are-calculating-calculator-investment-costs-holding-smartphone_533890-41.avif]
[kaabworldwidetarot.shop/wp-content/uploads/2025/08/digital-online-marketing-businessman-using-tablet-analyzing-sales-data-graph-growth-modern-interface-icon-strategy-solution-analysis-content-d]
[kaabworldwidetarot.shop/wp-content/uploads/2025/08/creative-visual-business-people-corporate-staff-meeting-video-call_31965-18410-1.avif]
[kaabworldwidetarot.shop/digital-marketing/index.html]
[kaabworldwidetarot.shop/wp-content/uploads/2025/08/businessman-working-with-modern-devices-digital-computer-phone-business-people-are-using-innovative-technology_78773-377-1.avif]
[kaabworldwidetarot.shop/wp-content/uploads/elementor/css/post-22106c7.css]
[kaabworldwidetarot.shop/wp-json/wp/v2/pages/221.json]
[kaabworldwidetarot.shop/wp-json/oembed/1.0/embedbc33.json]
[kaabworldwidetarot.shop/wp-json/oembed/1.0/embedb863]
[kaabworldwidetarot.shop/wp-content/uploads/2025/08/hands-holding-smartphone-social-media-concept_23-2150208263-1.avif]
[kaabworldwidetarot.shop/wp-content/uploads/2025/08/man-holding-smart-phone-with-facebook-app-screen_1201073-2142-1.avif]
[kaabworldwidetarot.shop/wp-content/uploads/2025/08/hands-holding-smartphone-social-media-concept_23-2150208265-1.avif]
[kaabworldwidetarot.shop/wp-content/uploads/2025/08/medium-shot-woman-influencer-marketing_23-2150521899-1.avif]
[kaabworldwidetarot.shop/wp-content/uploads/2025/08/3d-illustration-cartoon-man-holding-megaphone-blogger-character-announcing-loudspeaker_1139585-2197-1.avif]
[kaabworldwidetarot.shop/social-media-marketing/index.html]
[kaabworldwidetarot.shop/wp-content/uploads/elementor/css/post-94106c7.css]
[kaabworldwidetarot.shop/wp-content/uploads/2025/08/man-right-hand-side-catching-mobile-chat-with-his-friend-online-internet-social-media-with-vector-icon-such-like-love-share-technology-interne]
[kaabworldwidetarot.shop/wp-json/wp/v2/pages/941.json]
[kaabworldwidetarot.shop/wp-json/oembed/1.0/embedd18e.json]
[kaabworldwidetarot.shop/wp-json/oembed/1.0/embede6b7]
[kaabworldwidetarot.shop/wp-content/uploads/2025/11/digital-marketing-social-media-online-advertising-concept-man-seeing-advertisement-social-media-his-smartphone_736990-1867.avif]
[kaabworldwidetarot.shop/wp-content/uploads/2025/11/closeup-touchscreen-with-abbreviation_1077205-2030.avif]
[kaabworldwidetarot.shop/wp-content/uploads/2025/11/search-engine-optimizing-your-website-rank-search-engines-seo-best-promoting-ranking_1126722-14466.avif]
[kaabworldwidetarot.shop/wp-content/uploads/2025/11/businessman-use-laptop-with-advertising-website-digital-online-marketing-commerce-sale-concept_233554-2599.avif]
[kaabworldwidetarot.shop/wp-content/uploads/2025/11/businessman-typing-laptop-touching-icon-ads-screen-technology-innovation-virtual-screen-concept-advertising-marketing-plan-strategies-illumina]
[kaabworldwidetarot.shop/wp-content/uploads/2025/11/ai-digital-advertising-data-analytics-concept-with-businessman-typing-laptop_233554-4414.avif]
[kaabworldwidetarot.shop/wp-content/uploads/2025/11/digital-advertising-technology-concept_700248-9393.jpg]
[kaabworldwidetarot.shop/wp-content/uploads/2025/11/promoting-effective-digital-advertising-strategies-mobile-devices-online-marketing-infographic-il_533090-6115.jpg]
[kaabworldwidetarot.shop/paid-meta-advertisment/index.html]
[kaabworldwidetarot.shop/wp-content/uploads/elementor/css/post-951612b.css]
[kaabworldwidetarot.shop/wp-json/wp/v2/pages/951.json]
[kaabworldwidetarot.shop/wp-json/oembed/1.0/embedb440.json]
[kaabworldwidetarot.shop/wp-json/oembed/1.0/embed09aa]
[kaabworldwidetarot.shop/wp-content/uploads/2025/11/earth-globeclock-ice-cream-stick-with-text-google-ads-wooden-background_406607-1547-1.avif]
[kaabworldwidetarot.shop/wp-content/uploads/2025/11/94844.jpg]
[kaabworldwidetarot.shop/wp-content/uploads/2025/11/4913.jpg]
[kaabworldwidetarot.shop/wp-content/uploads/2025/11/121005.jpg]
[kaabworldwidetarot.shop/wp-content/uploads/2025/11/124895.jpg]
[kaabworldwidetarot.shop/wp-content/uploads/2025/11/2150461354.jpg]
[kaabworldwidetarot.shop/paid-google-advertisement/index.html]
[kaabworldwidetarot.shop/wp-content/uploads/2025/11/businessman-suit-holds-google-logo_926199-3942353.avif]
[kaabworldwidetarot.shop/wp-content/uploads/elementor/css/post-106046ae.css]
[kaabworldwidetarot.shop/wp-json/wp/v2/pages/1060.json]
[kaabworldwidetarot.shop/wp-json/oembed/1.0/embed06be.json]
[kaabworldwidetarot.shop/wp-json/oembed/1.0/embed679d]
[kaabworldwidetarot.shop/wp-content/uploads/2025/11/smiling-woman-holding-100k-followers-sign-art-studio-social-media-success-concept_1057260-25970.jpg]
[kaabworldwidetarot.shop/wp-content/uploads/2025/11/woman-hand-holding-phone-show-social-networkxdxa_218381-9620.avif]
[kaabworldwidetarot.shop/wp-content/uploads/2025/11/businesswoman-typing-message-by-phone-city-square_87910-4907.avif]
[kaabworldwidetarot.shop/wp-content/uploads/2025/11/man-holding-smartphone-with-graph-people-background_1282070-4639-1.avif]
[kaabworldwidetarot.shop/wp-content/uploads/2025/11/financial-performance-networks-concept-design-banner_646443-1463.avif]
[kaabworldwidetarot.shop/wp-content/uploads/2025/11/1729.jpg]
[kaabworldwidetarot.shop/followers-growth-services/index.html]
[kaabworldwidetarot.shop/wp-content/uploads/2025/11/businessman-social-networks-concept_85869-2675.avif]
[kaabworldwidetarot.shop/wp-content/uploads/elementor/css/post-10693e72.css]
[kaabworldwidetarot.shop/wp-json/wp/v2/pages/1069.json]
[kaabworldwidetarot.shop/wp-json/oembed/1.0/embedb965.json]
[kaabworldwidetarot.shop/wp-json/oembed/1.0/embed4e1f]
[kaabworldwidetarot.shop/wp-content/uploads/2025/11/98461-1.jpg]
[kaabworldwidetarot.shop/wp-content/uploads/2025/11/side-view-woman-sitting-pier-using-social-media-application-mobile-phone_23-2147844492.avif]
[kaabworldwidetarot.shop/wp-content/uploads/2025/11/live-streaming-concert-online-social-media-with-audience-reactions_53876-96212.jpg]
[kaabworldwidetarot.shop/wp-content/uploads/2025/11/hand-holding-social-media-icons_1077205-3534.avif]
[kaabworldwidetarot.shop/wp-content/uploads/2025/11/portrait-blogger-recording-herself-home_23-2148586300.avif]
[kaabworldwidetarot.shop/wp-content/uploads/2025/11/smiley-woman-recording-video_23-2148558147.avif]
[kaabworldwidetarot.shop/likes-views-engagement-services/index.html]
[kaabworldwidetarot.shop/wp-content/uploads/2025/11/attractive-young-businesswoman-showing-thumbs-up-creative-smartphone-hologram-with-blue-red-hearts-blue-background-social-media-likes-digital-]
[kaabworldwidetarot.shop/wp-content/uploads/2025/11/man-with-mobile-phone-autumn-season-alley_87910-4904.avif]
[kaabworldwidetarot.shop/wp-content/uploads/elementor/css/post-107476f2.css]
[kaabworldwidetarot.shop/wp-json/wp/v2/pages/1074.json]
[kaabworldwidetarot.shop/wp-json/oembed/1.0/embed73ea.json]
[kaabworldwidetarot.shop/wp-json/oembed/1.0/embed0a62]
[kaabworldwidetarot.shop/wp-content/uploads/2025/11/business-communication-via-mobile-messaging-appxaxa_41050-10211-1.avif]
[kaabworldwidetarot.shop/wp-content/uploads/2025/11/communication-conference-sharing-conversation-meeting_53876-21363.avif]
[kaabworldwidetarot.shop/wp-content/uploads/2025/11/men-hand-holding-texting-using-mobile-phone_41050-4119.avif]
[kaabworldwidetarot.shop/wp-content/uploads/2025/11/young-man-pointing-virtual-icon-conversation-chat-box-iconsocial-media-creation-ideaschatting_1253175-3016.avif]
[kaabworldwidetarot.shop/wp-content/uploads/2025/11/cropped-shot-young-businessman-using-mobile-phone-commenting-online-community_35674-25371.avif]
[kaabworldwidetarot.shop/wp-content/uploads/2025/11/human-hand-using-smartphone-typing-live-chat-chatting_218381-38516.avif]
[kaabworldwidetarot.shop/comments-share-interaction-services/index.html]
[kaabworldwidetarot.shop/wp-content/uploads/2025/11/young-woman-hand-use-smartphone-with-chat-communication-social-media-icons_176697-6027.avif]
[kaabworldwidetarot.shop/wp-content/uploads/elementor/css/post-2898791.css]
[kaabworldwidetarot.shop/wp-content/uploads/2025/11/online-chat-message-icon-featuring-speech-bubble-with-smooth-rounded-corners-commonly-used-represent-messaging-communication-digital-platforms]
[kaabworldwidetarot.shop/wp-json/wp/v2/pages/289.json]
[kaabworldwidetarot.shop/wp-json/oembed/1.0/embed082f.json]
[kaabworldwidetarot.shop/wp-json/oembed/1.0/embedb3f1]
[kaabworldwidetarot.shop/wp-content/uploads/2025/08/word-brand-wooden-cubes-gray-background_384017-2887.avif]
[kaabworldwidetarot.shop/wp-content/uploads/2025/08/3d-cartoon-business-characters-brand-word_165073-837.avif]
[kaabworldwidetarot.shop/brand-identity/index.html]
[kaabworldwidetarot.shop/wp-content/uploads/2025/08/close-up-brand-text-table_1048944-21740247.avif]
[kaabworldwidetarot.shop/wp-content/uploads/2025/08/3d-illustration-brand-name-with-letter-shaped-like-horseshoe-magnet-metallic-word-black-background-concept-brand-awareness_556904-332.164.dela]
[kaabworldwidetarot.shop/wp-content/uploads/2025/08/business-branding-concept-creating-developing-maintaining-brands-identity-market-reputation-strategic-planning-positioning-communication-estab]
[kaabworldwidetarot.shop/wp-content/uploads/elementor/css/post-28569d1.css]
[kaabworldwidetarot.shop/wp-json/wp/v2/pages/285.json]
[kaabworldwidetarot.shop/wp-json/oembed/1.0/embed04e8.json]
[kaabworldwidetarot.shop/wp-json/oembed/1.0/embedec9d]
[kaabworldwidetarot.shop/wp-content/uploads/2025/08/marketing-strategy-planning-strategy-concept_53876-42950.avif]
[kaabworldwidetarot.shop/wp-content/uploads/2025/08/one-young-female-designers-pointing-house-sketch-smartphone-while-consulting-with-colleague-about-some-points-project_274679-13502.avif]
[kaabworldwidetarot.shop/wp-content/uploads/2025/08/branding-advertisment-copyright-value-profile-concept_53876-121048.avif]
[kaabworldwidetarot.shop/wp-content/uploads/2025/08/still-life-graphic-design-studio_23-2151320693.avif]
[kaabworldwidetarot.shop/wp-content/uploads/2025/08/close-up-businessmen-working-desk_1048944-24032458.avif]
[kaabworldwidetarot.shop/visual-branding/index.html]
[kaabworldwidetarot.shop/wp-content/uploads/2025/08/still-life-graphic-design-day_52683-160827.avif]
[kaabworldwidetarot.shop/wp-content/uploads/elementor/css/post-2872156.css]
[kaabworldwidetarot.shop/wp-content/uploads/2025/08/ux-developer-ui-designer-brainstorming-about-mobile-app-interface-wireframe-design-with-customer-breif-color-code-user-experience-concept_9281]
[kaabworldwidetarot.shop/wp-json/wp/v2/pages/287.json]
[kaabworldwidetarot.shop/wp-json/oembed/1.0/embed666f.json]
[kaabworldwidetarot.shop/wp-json/oembed/1.0/embedf321]
[kaabworldwidetarot.shop/wp-content/uploads/2025/08/business-meeting-people-analysis-report-cost-graph-chart_55997-1422.avif]
[kaabworldwidetarot.shop/wp-content/uploads/2025/08/business-person-looking-finance-graphs_23-2150461333.avif]
[kaabworldwidetarot.shop/wp-content/uploads/2025/08/businessman-analyzing-investment-charts-with-laptop-calculator-office-desk-table_35681-108.avif]
[kaabworldwidetarot.shop/wp-content/uploads/2025/08/business-financial-concept-with-calculator-pen-accounting-report-office_34152-864.avif]
[kaabworldwidetarot.shop/wp-content/uploads/2025/08/business-man-using-calculator-review-balance-sheet-annual-with-holding-pen-using-laptop-computer_89286-131.avif]
[kaabworldwidetarot.shop/wp-content/uploads/2025/08/top-view-finances-elements-composition-with-empty-notepad_23-2148793731.jpg]
[kaabworldwidetarot.shop/budget-analysis/index.html]
[kaabworldwidetarot.shop/wp-content/uploads/2025/11/image-4.html]
[kaabworldwidetarot.shop/wp-content/uploads/2025/11/image-3.html]
[kaabworldwidetarot.shop/wp-content/uploads/2025/11/WhatsApp-Image-2025-11-07-at-1.54.48-PM-1.html]
[kaabworldwidetarot.shop/wp-json/wp/v2/posts/845.json]
[kaabworldwidetarot.shop/comments-share-interaction-services-create-conversations-that-matter/feed/index.html]
[kaabworldwidetarot.shop/wp-json/oembed/1.0/embed1a7d.json]
[kaabworldwidetarot.shop/wp-json/oembed/1.0/embedf064]
[kaabworldwidetarot.shop/wp-includes/js/comment-reply.min32d4.js]
[kaabworldwidetarot.shop/comments-share-interaction-services-create-conversations-that-matter/index.html]
[kaabworldwidetarot.shop/wp-json/wp/v2/categories/1.json]
[kaabworldwidetarot.shop/category/uncategorized/index.html]
[kaabworldwidetarot.shop/category/uncategorized/page/2/index.html]
[kaabworldwidetarot.shop/likes-views-engagement-services-amplify-your-reach-and-popularity/feed/index.html]
[kaabworldwidetarot.shop/wp-json/wp/v2/posts/843.json]
[kaabworldwidetarot.shop/wp-json/oembed/1.0/embed3d44.json]
[kaabworldwidetarot.shop/category/uncategorized/feed/index.html]
[kaabworldwidetarot.shop/wp-json/oembed/1.0/embed649a]
[kaabworldwidetarot.shop/likes-views-engagement-services-amplify-your-reach-and-popularity/index.html]
[kaabworldwidetarot.shop/followers-growth-services-build-a-loyal-and-engaged-community/feed/index.html]
[kaabworldwidetarot.shop/wp-json/wp/v2/posts/841.json]
[kaabworldwidetarot.shop/wp-json/oembed/1.0/embedef42.json]
[kaabworldwidetarot.shop/wp-json/oembed/1.0/embed92cf]
[kaabworldwidetarot.shop/followers-growth-services-build-a-loyal-and-engaged-community/index.html]
[kaabworldwidetarot.shop/blogs/index.html]
[kaabworldwidetarot.shop/wp-content/plugins/elementor/assets/lib/font-awesome/webfonts/fa-regular-400.eot]
[kaabworldwidetarot.shop/wp-content/plugins/elementor/assets/lib/font-awesome/webfonts/fa-regular-400d41d.eot]
[kaabworldwidetarot.shop/blogs/page/2/index.html]
[kaabworldwidetarot.shop/wp-content/plugins/elementor/assets/lib/font-awesome/webfonts/fa-regular-400.woff2]
[kaabworldwidetarot.shop/wp-content/plugins/elementor/assets/lib/font-awesome/webfonts/fa-regular-400.woff]
[kaabworldwidetarot.shop/wp-content/plugins/elementor/assets/lib/font-awesome/webfonts/fa-regular-400.ttf]
[kaabworldwidetarot.shop/wp-content/plugins/elementor/assets/lib/font-awesome/css/all.min37de.css]
[kaabworldwidetarot.shop/wp-content/plugins/elementor/assets/lib/font-awesome/css/v4-shims.min37de.css]
[kaabworldwidetarot.shop/wp-content/plugins/elementor/assets/css/widget-social-icons.min37de.css]
[kaabworldwidetarot.shop/wp-content/plugins/elementor/assets/css/conditionals/apple-webkit.min37de.css]
[kaabworldwidetarot.shop/wp-includes/js/dist/hooks.min4fdd.js]
[kaabworldwidetarot.shop/wp-includes/js/dist/i18n.minc33c.js]
[kaabworldwidetarot.shop/wp-content/plugins/elementor/assets/lib/font-awesome/webfonts/fa-regular-400.svg]
[kaabworldwidetarot.shop/wp-content/plugins/contact-form-7/includes/swv/js/index1b46.js]
[kaabworldwidetarot.shop/wp-content/plugins/contact-form-7/includes/js/index1b46.js]
[kaabworldwidetarot.shop/wp-content/plugins/elementor/assets/js/webpack.runtime.min37de.js]
[kaabworldwidetarot.shop/n,window.location.origin]
[kaabworldwidetarot.shop/t,window.location.origin]
[kaabworldwidetarot.shop/plugins.php]
[kaabworldwidetarot.shop/wp-content/plugins/elementor/assets/js/frontend-modules.min37de.js]
[kaabworldwidetarot.shop/wp-includes/js/jquery/ui/core.minb37e.js]
[kaabworldwidetarot.shop/wp-content/plugins/elementor/assets/js/frontend.min37de.js]
[kaabworldwidetarot.shop/wp-content/plugins/elementor/assets/lib/jquery-numerator/jquery-numerator.min3958.js]
[kaabworldwidetarot.shop/wp-content/plugins/qi-addons-for-elementor/assets/js/main.minc801.js]
[kaabworldwidetarot.shop/OPR/index.html]
[kaabworldwidetarot.shop/cute-alert.js]
[kaabworldwidetarot.shop/${i}/img/${e}.svg]
[kaabworldwidetarot.shop/wp-content/plugins/metform/public/assets/lib/cute-alert/cute-alert631d.js]
[kaabworldwidetarot.shop/wp-content/themes/hello-elementor/assets/js/hello-frontendedb1.js]
[kaabworldwidetarot.shop/wp-content/plugins/elementskit-lite/libs/framework/assets/js/frontend-scripta7a0.js]
[kaabworldwidetarot.shop/wp-content/plugins/elementskit-lite/widgets/init/assets/js/widget-scriptsa7a0.js]
[kaabworldwidetarot.shop/wp-content/plugins/header-footer-elementor/inc/js/frontend16b9.js]
[kaabworldwidetarot.shop/wp-content/plugins/elementor/assets/lib/font-awesome/js/v4-shims.min37de.js]
[kaabworldwidetarot.shop/wp-content/plugins/qi-addons-for-elementor/inc/plugins/elementor/assets/js/elementor32d4.js]
[kaabworldwidetarot.shop/wp-content/plugins/elementskit-lite/widgets/init/assets/js/animate-circle.mina7a0.js]
[kaabworldwidetarot.shop/e,window.location.origin]
[kaabworldwidetarot.shop/wp-content/plugins/elementskit-lite/widgets/init/assets/js/elementora7a0.js]
[kaabworldwidetarot.shop/wp-content/plugins/wp-social/assets/css/fonts/met-social150e.svg]
[kaabworldwidetarot.shop/wp-content/plugins/wp-social/assets/css/tiktok-white.svg]
[kaabworldwidetarot.shop/wp-content/plugins/elementor/assets/lib/eicons/fonts/eicons7241.svg]
[kaabworldwidetarot.shop/Trident/index.html]
[kaabworldwidetarot.shop/wp-content/plugins/elementor/assets/lib/font-awesome/webfonts/fa-brands-400.svg]
[kaabworldwidetarot.shop/wp-content/plugins/elementor/assets/lib/font-awesome/webfonts/fa-solid-900.svg]
[kaabworldwidetarot.shop/wp-content/plugins/elementskit-lite/widgets/init/assets/img/cross-out.svg]
[kaabworldwidetarot.shop/wp-content/uploads/2025/08/1AK.png]
[kaabworldwidetarot.shop/wp-content/uploads/elementor/css/post-60051a.css]
[kaabworldwidetarot.shop/index0721.html]
[kaabworldwidetarot.shop/wp-content/uploads/2025/11/image-12.html]
[kaabworldwidetarot.shop/wp-content/uploads/2025/11/image-13.html]
[kaabworldwidetarot.shop/wp-content/uploads/2025/11/image-14.html]
[kaabworldwidetarot.shop/wp-content/uploads/elementor/css/post-88869d1.css]
[kaabworldwidetarot.shop/indexc052.html]
[kaabworldwidetarot.shop/wp-content/uploads/2025/11/image-2.html]
[kaabworldwidetarot.shop/wp-content/uploads/2025/11/image-1.html]
[kaabworldwidetarot.shop/wp-content/uploads/2025/11/image-5.html]
[kaabworldwidetarot.shop/wp-content/uploads/2025/11/image.html]
[kaabworldwidetarot.shop/wp-content/uploads/2025/11/image-6.html]
[kaabworldwidetarot.shop/wp-content/uploads/2025/11/image-19.html]
[kaabworldwidetarot.shop/wp-content/uploads/2025/11/image-17.html]
[kaabworldwidetarot.shop/wp-content/uploads/2025/11/image-16.html]
[kaabworldwidetarot.shop/wp-content/uploads/2025/11/image-15.html]
[kaabworldwidetarot.shop/wp-content/uploads/2025/11/image-11.html]
[kaabworldwidetarot.shop/wp-content/uploads/2025/11/image-10.html]
[kaabworldwidetarot.shop/wp-content/uploads/2025/11/image-9.html]
[kaabworldwidetarot.shop/wp-content/uploads/2025/11/image-8.html]
[kaabworldwidetarot.shop/wp-content/uploads/2025/11/image-7.html]
[kaabworldwidetarot.shop/wp-content/uploads/2025/11/image-18.html]
[kaabworldwidetarot.shop/wp-content/uploads/elementor/css/post-647408.css]
[kaabworldwidetarot.shop/index8cd4.html]
[kaabworldwidetarot.shop/wp-content/uploads/elementor/css/post-583c6ec.css]
[kaabworldwidetarot.shop/index61a9.html]
[kaabworldwidetarot.shop/paid-google-advertisement-reach-customers-when-they-need-you-most/feed/index.html]
[kaabworldwidetarot.shop/wp-json/wp/v2/posts/839.json]
[kaabworldwidetarot.shop/wp-json/oembed/1.0/embed0758.json]
[kaabworldwidetarot.shop/wp-json/oembed/1.0/embedad9d]
[kaabworldwidetarot.shop/paid-google-advertisement-reach-customers-when-they-need-you-most/index.html]
[kaabworldwidetarot.shop/wp-json/wp/v2/posts/837.json]
[kaabworldwidetarot.shop/paid-meta-advertisement-boost-your-brand-with-facebook-instagram-ads/feed/index.html]
[kaabworldwidetarot.shop/wp-json/oembed/1.0/embed6d45.json]
[kaabworldwidetarot.shop/wp-json/oembed/1.0/embed71a3]
[kaabworldwidetarot.shop/paid-meta-advertisement-boost-your-brand-with-facebook-instagram-ads/index.html]
[kaabworldwidetarot.shop/budget-analysis-make-smart-financial-decisions-for-your-business/feed/index.html]
[kaabworldwidetarot.shop/wp-json/wp/v2/posts/635.json]
[kaabworldwidetarot.shop/wp-json/oembed/1.0/embed9bcc.json]
[kaabworldwidetarot.shop/budget-analysis-make-smart-financial-decisions-for-your-business/index.html]
[kaabworldwidetarot.shop/wp-json/oembed/1.0/embed4a17]
[kaabworldwidetarot.shop/wp-json/wp/v2/posts/633.json]
[kaabworldwidetarot.shop/visual-branding-build-a-strong-identity-for-your-business/feed/index.html]
[kaabworldwidetarot.shop/wp-json/oembed/1.0/embed3061.json]
[kaabworldwidetarot.shop/visual-branding-build-a-strong-identity-for-your-business/index.html]
[kaabworldwidetarot.shop/wp-json/oembed/1.0/embedf2cd]
[kaabworldwidetarot.shop/wp-json/wp/v2/posts/600.json]
[kaabworldwidetarot.shop/brand-identity-why-it-matters-more-than-ever/feed/index.html]
[kaabworldwidetarot.shop/wp-json/oembed/1.0/embed8a5c.json]
[kaabworldwidetarot.shop/wp-json/oembed/1.0/embed4df5]
[kaabworldwidetarot.shop/brand-identity-why-it-matters-more-than-ever/index.html]
[kaabworldwidetarot.shop/social-media-marketing-driving-engagement-and-sales-in-2025/feed/index.html]
[kaabworldwidetarot.shop/wp-json/wp/v2/posts/598.json]
[kaabworldwidetarot.shop/wp-json/oembed/1.0/embed92c2.json]
[kaabworldwidetarot.shop/social-media-marketing-driving-engagement-and-sales-in-2025/index.html]
[kaabworldwidetarot.shop/wp-json/oembed/1.0/embed3bcf]
[kaabworldwidetarot.shop/wp-json/wp/v2/posts/596.json]
[kaabworldwidetarot.shop/wp-json/oembed/1.0/embed79b6.json]
[kaabworldwidetarot.shop/email-marketing-still-the-most-powerful-tool-for-conversions/feed/index.html]
[kaabworldwidetarot.shop/wp-json/oembed/1.0/embedfe66]
[kaabworldwidetarot.shop/email-marketing-still-the-most-powerful-tool-for-conversions/index.html]
[kaabworldwidetarot.shop/affiliate-marketing-a-profitable-strategy-for-businesses-individuals/feed/index.html]
[kaabworldwidetarot.shop/wp-json/wp/v2/posts/594.json]
[kaabworldwidetarot.shop/wp-json/oembed/1.0/embed9427.json]
[kaabworldwidetarot.shop/affiliate-marketing-a-profitable-strategy-for-businesses-individuals/index.html]
[kaabworldwidetarot.shop/wp-json/oembed/1.0/embedf2c0]
[kaabworldwidetarot.shop/wp-json/wp/v2/posts/592.json]
[kaabworldwidetarot.shop/digital-marketing-trends-in-2025-every-business-should-know/feed/index.html]
[kaabworldwidetarot.shop/wp-json/oembed/1.0/embede54b.json]
[kaabworldwidetarot.shop/wp-json/oembed/1.0/embed1d23]
[kaabworldwidetarot.shop/digital-marketing-trends-in-2025-every-business-should-know/index.html]
[kaabworldwidetarot.shop/brand-marketing-building-stronger-connections-with-your-audience/feed/index.html]
[kaabworldwidetarot.shop/wp-json/wp/v2/posts/590.json]
[kaabworldwidetarot.shop/wp-json/oembed/1.0/embed5282.json]
[kaabworldwidetarot.shop/wp-json/oembed/1.0/embed7f91]
[kaabworldwidetarot.shop/brand-marketing-building-stronger-connections-with-your-audience/index.html]
[kaabworldwidetarot.shop/wp-json/wp/v2/posts/588.json]
[kaabworldwidetarot.shop/the-ultimate-guide-to-seo-optimization-in-2025/feed/index.html]
[kaabworldwidetarot.shop/wp-json/oembed/1.0/embeda035.json]
[kaabworldwidetarot.shop/wp-json/oembed/1.0/embed021f]
[kaabworldwidetarot.shop/the-ultimate-guide-to-seo-optimization-in-2025/index.html]
[kaabworldwidetarot.shop/wp-content/plugins/elementor/assets/css/widget-google_maps.min37de.css]
[kaabworldwidetarot.shop/wp-content/uploads/elementor/css/post-62c6ec.css]
[kaabworldwidetarot.shop/wp-content/plugins/metform/public/assets/css/metform-ui631d.css]
[kaabworldwidetarot.shop/wp-content/plugins/metform/public/assets/css/style631d.css]
[kaabworldwidetarot.shop/index5c36.html]
[kaabworldwidetarot.shop/wp-content/uploads/elementor/css/post-530c6ec.css]
[kaabworldwidetarot.shop/wp-content/uploads/elementor/google-fonts/css/ibmplexsans238e.css]
[kaabworldwidetarot.shop/wp-content/plugins/metform/public/assets/js/htm631d.js]
[kaabworldwidetarot.shop/wp-includes/js/dist/vendor/react.mine1ab.js]
[kaabworldwidetarot.shop/wp-includes/js/dist/vendor/react-dom.mine1ab.js]
[kaabworldwidetarot.shop/wp-includes/js/dist/escape-html.min3a9d.js]
[kaabworldwidetarot.shop/wp-includes/js/dist/element.minfa0f.js]
[kaabworldwidetarot.shop/wp-content/plugins/metform/public/assets/js/app631d.js]
[kaabworldwidetarot.shop/wp-content/uploads/elementor/css/post-216074a.css]
[kaabworldwidetarot.shop/index4659.html]
[kaabworldwidetarot.shop/wp-content/uploads/elementor/css/post-2121095.css]
[kaabworldwidetarot.shop/index905c.html]
[kaabworldwidetarot.shop/wp-content/uploads/elementor/css/post-21432b1.css]
[kaabworldwidetarot.shop/indexba1b.html]
[kaabworldwidetarot.shop/wp-content/uploads/elementor/css/post-22106c7.css]
[kaabworldwidetarot.shop/indexd5db.html]
[kaabworldwidetarot.shop/wp-content/uploads/elementor/css/post-94106c7.css]
[kaabworldwidetarot.shop/index1426.html]
[kaabworldwidetarot.shop/wp-content/uploads/elementor/css/post-951612b.css]
[kaabworldwidetarot.shop/index80d6.html]
[kaabworldwidetarot.shop/wp-content/uploads/elementor/css/post-106046ae.css]
[kaabworldwidetarot.shop/index07a6.html]
[kaabworldwidetarot.shop/wp-content/uploads/elementor/css/post-10693e72.css]
[kaabworldwidetarot.shop/index9fb4.html]
[kaabworldwidetarot.shop/wp-content/uploads/elementor/css/post-107476f2.css]
[kaabworldwidetarot.shop/index6f0d.html]
[kaabworldwidetarot.shop/wp-content/uploads/elementor/css/post-2898791.css]
[kaabworldwidetarot.shop/index8902.html]
[kaabworldwidetarot.shop/wp-content/uploads/elementor/css/post-28569d1.css]
[kaabworldwidetarot.shop/indexd0b8.html]
[kaabworldwidetarot.shop/wp-content/uploads/elementor/css/post-2872156.css]
[kaabworldwidetarot.shop/index486a.html]
[kaabworldwidetarot.shop/index4ac2.html]
[kaabworldwidetarot.shop/wp-includes/js/comment-reply.min32d4.js]
[kaabworldwidetarot.shop/category/uncategorized/page/2/index.html]
[kaabworldwidetarot.shop/index6a26.html]
[kaabworldwidetarot.shop/indexc308.html]
[kaabworldwidetarot.shop/blogs/page/2/index.html]
[kaabworldwidetarot.shop/wp-content/plugins/elementor/assets/lib/font-awesome/webfonts/fa-regular-400.svg]
[kaabworldwidetarot.shop/contact-us/$&/index.html]
[kaabworldwidetarot.shop/wp-admin/index.html]
[kaabworldwidetarot.shop/n,window.location.html]
[kaabworldwidetarot.shop/t,window.location.html]
[kaabworldwidetarot.shop/plugins.html]
[kaabworldwidetarot.shop/OPR/index.html]
[kaabworldwidetarot.shop/cute-alert.html]
[kaabworldwidetarot.shop/${i}/img/${e}.html]
[kaabworldwidetarot.shop/Trident/index.html]
[kaabworldwidetarot.shop/e,window.location.html]
[kaabworldwidetarot.shop/indexce54.html]
[kaabworldwidetarot.shop/index0c04.html]
[kaabworldwidetarot.shop/indexb753.html]
[kaabworldwidetarot.shop/index4db6.html]
[kaabworldwidetarot.shop/index2b8b.html]
[kaabworldwidetarot.shop/index424e.html]
[kaabworldwidetarot.shop/indexbc2b.html]
[kaabworldwidetarot.shop/index3e9a.html]
[kaabworldwidetarot.shop/index568a.html]
[kaabworldwidetarot.shop/indexa42a.html]
[kaabworldwidetarot.shop/indexc535.html]
[kaabworldwidetarot.shop/contact-us/$&/index.html]
[kaabworldwidetarot.shop/wp-login8d3c.html]
[kaabworldwidetarot.shop/wp-includes/css/buttons.min32d4.css]
[kaabworldwidetarot.shop/wp-admin/css/forms.min32d4.css]
[kaabworldwidetarot.shop/wp-admin/css/l10n.min32d4.css]
[kaabworldwidetarot.shop/wp-admin/css/login.min32d4.css]
[kaabworldwidetarot.shop/wp-loginc2b6.html]
[kaabworldwidetarot.shop/wp-includes/js/clipboard.min3c89.js]
[kaabworldwidetarot.shop/wp-includes/js/zxcvbn-async.min5152.js]
[kaabworldwidetarot.shop/wp-admin/js/password-strength-meter.min32d4.js]
[kaabworldwidetarot.shop/wp-includes/js/underscore.min3ab8.js]
[kaabworldwidetarot.shop/wp-includes/js/wp-util.min32d4.js]
[kaabworldwidetarot.shop/wp-includes/js/dist/dom-ready.min5346.js]
[kaabworldwidetarot.shop/wp-includes/js/dist/a11y.min3f73.js]
[kaabworldwidetarot.shop/wp-login8d3c.html]
[kaabworldwidetarot.shop/wp-includes/css/buttons.min32d4.css]
[kaabworldwidetarot.shop/wp-admin/js/user-profile.min32d4.js]
[kaabworldwidetarot.shop/wp-admin/images/loading.gif]
[kaabworldwidetarot.shop/wp-admin/css/forms.min32d4.css]
[kaabworldwidetarot.shop/wp-admin/css/l10n.min32d4.css]
[kaabworldwidetarot.shop/wp-admin/images/w-logo-blue7a53.png]
[kaabworldwidetarot.shop/wp-admin/css/login.min32d4.css]
[kaabworldwidetarot.shop/wp-admin/images/wordpress-logo7d6b.svg]
[kaabworldwidetarot.shop/wp-loginc2b6.html]
[kaabworldwidetarot.shop/wp-includes/js/clipboard.min3c89.js]
[kaabworldwidetarot.shop/wp-includes/js/zxcvbn-async.min5152.js]
[kaabworldwidetarot.shop/wp-admin/js/password-strength-meter.min32d4.js]
[kaabworldwidetarot.shop/wp-includes/js/underscore.min3ab8.js]
[kaabworldwidetarot.shop/wp-includes/js/wp-util.min32d4.js]
[kaabworldwidetarot.shop/wp-includes/js/dist/dom-ready.min5346.js]
[kaabworldwidetarot.shop/wp-includes/js/dist/a11y.min3f73.js]
[kaabworldwidetarot.shop/wp-admin/js/user-profile.min32d4.js]
[kaabworldwidetarot.shop/wp-admin/images/wordpress-logo7d6b.svg]
[kaabworldwidetarot.shop/wp-login.html]
[kaabworldwidetarot.shop/wp-login.html]
